---
source: src/ui/widgets/mod.rs
assertion_line: 117
expression: "draw(&p.list[0], 60, 10)"
---
"key curl  (2/2)  [ ] switch                                 "
"(..., 0)   1 ███████████████████████                        "
"[0]        1 ███████████████████████                        "
"         ⋮  8 empty buckets                                 "
"[256, 512) 1 ███████████████████████                        "
"[512, 1K)  0                                                "
"[1K, 2K)   2 ██████████████████████████████████████████████ "
"total 5                                                     "
"                                                            "
"                                                            "
