---
source: src/ui/widgets/mod.rs
assertion_line: 102
expression: "draw(&p.list[0], 60, 10)"
---
"key bpftrace  (1/2)  [ ] switch                             "
"[2, 4) 1 ██████████████████████████████████████████████████ "
"total 1                                                     "
"                                                            "
"                                                            "
"                                                            "
"                                                            "
"                                                            "
"                                                            "
"                                                            "
