---
source: src/ui/widgets/mod.rs
assertion_line: 103
expression: "draw(&p.list[0], 70, 16)"
---
"[0]          422 █████████████████████████████████████████▋           "
"[1]          284 ████████████████████████████                         "
"[2, 4)       526 ████████████████████████████████████████████████████ "
"[4, 8)       191 ██████████████████▉                                  "
"[8, 16)      225 ██████████████████████▏                              "
"[16, 32)      65 ██████▍                                              "
"[32, 64)      12 █▏                                                   "
"[64, 128)      3 ▎                                                    "
"[128, 256)     3 ▎                                                    "
"           ⋮  32 empty buckets                                        "
"[1T, 2T)       3 ▎                                                    "
"total 1734                                                            "
"                                                                      "
"                                                                      "
"                                                                      "
"                                                                      "
