---
source: src/ui/widgets/mod.rs
assertion_line: 104
expression: "draw(&p.list[0], 60, 10)"
---
"key curl  (2/2)  [ ] switch                                 "
"(..., 0)   1 ███████████████████████                        "
"[0]        1 ███████████████████████                        "
"[1]        0                                                "
"[2, 4)     0                                                "
"[4, 8)     0                                                "
"[8, 16)    0                                                "
"[16, 32)   0                                                "
"[32, 64)   0                                                "
"… 5 more buckets                                            "
