---
source: src/ui/widgets/mod.rs
assertion_line: 84
expression: "draw(&p.list[0], 60, 12)"
---
"[2, 4)     1 ██████████████████████████████████████████████ "
"[4, 8)     0                                                "
"[8, 16)    0                                                "
"[16, 32)   0                                                "
"[32, 64)   0                                                "
"[64, 128)  0                                                "
"[128, 256) 0                                                "
"[256, 512) 0                                                "
"[512, 1K)  0                                                "
"[1K, 2K)   1 ██████████████████████████████████████████████ "
"total 2                                                     "
"                                                            "
