---
source: src/ui/widgets/mod.rs
assertion_line: 125
expression: "draw(&p.list[0], 50, 5)"
---
"[2, 4)     1 ████████████████████████████████████ "
"         ⋮  8 empty buckets                       "
"[1K, 2K)   1 ████████████████████████████████████ "
"total 2                                           "
"                                                  "
