---
source: src/ui/widgets/mod.rs
assertion_line: 166
expression: "draw(&p.list[0], 50, 7)"
---
"last 20  min 0  max 22  40 points                 "
"12:00:00 → 12:00:39                               "
"   ▆  ▂      ▇  ▄         ▆  ▂      ▇  ▄          "
"  ▁█  █  ▆  ▃█  █  █  ▅  ▁█  █  ▆  ▃█  █          "
"  ██ ▅█ ▂█  ██ ▇█ ▄█  █  ██ ▅█ ▂█  ██ ▇█          "
" ▄██▁██ ██ ▆██▂██ ██ ██ ▄██▁██ ██ ▆██▂██          "
" ██████▅██▁██████▇██▃██ ██████▅██▁██████          "
