---
source: src/ui/mod.rs
assertion_line: 307
expression: "render(&app, 80, 24)"
---
"╭ Scripts ─────────────────╮╭ 1 Info │ 2 Source │ 3 Validation ────────────────╮"
"│Cannot load the source:   ││                                                  │"
"│git fetch failed for      ││                                                  │"
"│https://github.com/bpftrac││                                                  │"
"│e/bpftrace: fatal: unable ││                                                  │"
"│to access: Could not      ││                                                  │"
"│resolve host: github.com  ││                                                  │"
"│                          ││                                                  │"
"│r retry                   ││                                                  │"
"│                          ││                                                  │"
"│                          ││                                                  │"
"│                          ││                                                  │"
"│                          ││                                                  │"
"│                          ││                                                  │"
"│                          ││                                                  │"
"│                          ││                                                  │"
"│                          ││                                                  │"
"│                          ││                                                  │"
"│                          ││                                                  │"
"╰──────────────────────────╯╰──────────────────────────────────────────────────╯"
"╭ [local · no bpftrace] │ + ──────────────────────────── root · 6.1.0-18-amd64 ╮"
"│No bpftrace on local. c connects to a host where scripts can run.             │"
"╰──────────────────────────────────────────────────────────────────────────────╯"
" local: validation disabled: cannot run bp  no bpftrace · 6.1.0-18-amd64 · root "
