---
source: src/ui/mod.rs
assertion_line: 243
expression: "render(&ready(), 79, 24)"
---
"                                                                               "
"                                                                               "
"                                                                               "
"                                                                               "
"                                                                               "
"                                                                               "
"                                                                               "
"                                                                               "
"                                                                               "
"                                                                               "
"                                                                               "
"                                                                               "
"                    terminal too small: 79×24 (need 80×24)                     "
"                                                                               "
"                                                                               "
"                                                                               "
"                                                                               "
"                                                                               "
"                                                                               "
"                                                                               "
"                                                                               "
"                                                                               "
"                                                                               "
"                                                                               "
