---
source: src/ui/mod.rs
assertion_line: 240
expression: "render(&app, 80, 24)"
---
"╭ Scripts (8) ─────────────╮╭ 1 Info │ 2 Source │ 3 Validation ────────────────╮"
"│✗ missing_probe_demo  Atta││Result   ✗ cannot run here: stdin:1:1-44: ERROR:  │"
"│● net/tcpconnect_demo  Pri││kprobe:this_function_does_not_exist_bpfdeck: No   │"
"│● no_header               ││such file (dry-run)                               │"
"│● params_demo  Positional ││Method   bpftrace --dry-run: parse, load and      │"
"│… shebang_no_ext  Discover││attach, then exit                                 │"
"│● syscount_demo  Count sys││                                                  │"
"│! unsafe_demo  Uses system││Output                                            │"
"│◐ vfs_latency_demo  vfs_re││stdin:1:1-44: ERROR:                              │"
"│                          ││kprobe:this_function_does_not_exist_bpfdeck: No   │"
"│                          ││such file                                         │"
"│                          ││                                                  │"
"│                          ││                                                  │"
"│                          ││                                                  │"
"│                          ││                                                  │"
"│                          ││                                                  │"
"│                          ││                                                  │"
"│                          ││                                                  │"
"│                          ││                                                  │"
"│                          ││                                                  │"
"│                          ││                                                  │"
"│                          ││                                                  │"
"╰──────────────────────────╯╰──────────────────────────────────────────────────╯"
" Enter run / filter ? help q quit      bpftrace v0.21.2 · 6.1.0-18-amd64 · root "
