---
source: src/ui/mod.rs
assertion_line: 389
expression: "render(&app, 120, 40)"
---
"▶ vfs_latency_demo.bt  running  00:12                                                                                   "
"  probes 3  errors 1  dropped 0                                                                                         "
"╭ Log · paused ───────────────────────────────────────────────────────────────────────────────────────────── 2/7 lines ╮"
"│map @syscalls: bash=12, sshd=40, node=311                                                                             │"
"│map @syscalls: bash=3, sshd=55, node=290, curl=7                                                                      │"
"│                                                                                                                      │"
"│                                                                                                                      │"
"│                                                                                                                      │"
"│                                                                                                                      │"
"│                                                                                                                      │"
"│                                                                                                                      │"
"│                                                                                                                      │"
"│                                                                                                                      │"
"│                                                                                                                      │"
"│                                                                                                                      │"
"│                                                                                                                      │"
"│                                                                                                                      │"
"│                                                                                                                      │"
"│                                                                                                                      │"
"│                                                                                                                      │"
"│                                                                                                                      │"
"│                                                                                                                      │"
"│                                                                                                                      │"
"│                                                                                                                      │"
"│                                                                                                                      │"
"│                                                                                                                      │"
"│                                                                                                                      │"
"│                                                                                                                      │"
"│                                                                                                                      │"
"│                                                                                                                      │"
"│                                                                                                                      │"
"│                                                                                                                      │"
"│                                                                                                                      │"
"│                                                                                                                      │"
"│                                                                                                                      │"
"│                                                                                                                      │"
"│                                                                                                                      │"
"│/map█                                                                                                                 │"
"╰──────────────────────────────────────────────────────────────────────────────────────────────────────────────────────╯"
" Enter keep Esc clear                                                          bpftrace v0.21.2 · 6.1.0-18-amd64 · root "
