---
source: src/ui/mod.rs
assertion_line: 355
expression: "render(&app, 80, 24)"
---
"╭ Scripts ─────────────────╮╭ 1 Info │ 2 Source │ 3 Validation ────────────────╮"
"│Updating                  ││                                                  │"
"│https://github.com/bpftrac││                                                  │"
"│e/bpftrace…               ││                                                  │"
"│                          ││                                                  │"
"│                          ││                                                  │"
"│                          ││                                                  │"
"│                          ││                                                  │"
"│                          ││                                                  │"
"│                          ││                                                  │"
"│                          ││                                                  │"
"│                          ││                                                  │"
"│                          ││                                                  │"
"│                          ││                                                  │"
"│                          ││                                                  │"
"│                          ││                                                  │"
"│                          ││                                                  │"
"│                          ││                                                  │"
"│                          ││                                                  │"
"╰──────────────────────────╯╰──────────────────────────────────────────────────╯"
"╭ [local] │ + ─────────────────────────────────────────────────────────────────╮"
"│detecting bpftrace…                                                           │"
"╰──────────────────────────────────────────────────────────────────────────────╯"
" Enter run / filter ? help q quit                           detecting bpftrace… "
