---
source: src/ui/mod.rs
assertion_line: 449
expression: "render(&app, 120, 40)"
---
"╭ Scripts (8) ───────────────────────────╮╭ 1 Info │ 2 Source │ 3 Validation ──────────────────────────────────── net/ ╮"
"│✗ missing_probe_demo  Attaches to a kern││net/  1 script                                                              │"
"│▸ net/  1                               ││                                                                            │"
"│● no_header                             ││●    1 run here                                                             │"
"│● params_demo  Positional and named para││                                                                            │"
"│… shebang_no_ext  Discovered via shebang││Enter open/close  ← → collapse / expand  t flat list                        │"
"│● syscount_demo  Count syscalls by proce││                                                                            │"
"│! unsafe_demo  Uses system(); requires -││                                                                            │"
"│◐ vfs_latency_demo  vfs_read latency as ││                                                                            │"
"│                                        ││                                                                            │"
"│                                        ││                                                                            │"
"│                                        ││                                                                            │"
"│                                        ││                                                                            │"
"│                                        ││                                                                            │"
"│                                        ││                                                                            │"
"│                                        ││                                                                            │"
"│                                        ││                                                                            │"
"│                                        ││                                                                            │"
"│                                        ││                                                                            │"
"│                                        ││                                                                            │"
"│                                        ││                                                                            │"
"│                                        ││                                                                            │"
"│                                        ││                                                                            │"
"│                                        ││                                                                            │"
"│                                        ││                                                                            │"
"│                                        ││                                                                            │"
"│                                        ││                                                                            │"
"│                                        ││                                                                            │"
"│                                        ││                                                                            │"
"│                                        ││                                                                            │"
"│                                        ││                                                                            │"
"│                                        ││                                                                            │"
"│                                        ││                                                                            │"
"│                                        ││                                                                            │"
"│                                        ││                                                                            │"
"╰────────────────────────────────────────╯╰────────────────────────────────────────────────────────────────────────────╯"
"╭ [local] │ + ────────────────────────────────────────────────────────────────────────────────── root · 6.1.0-18-amd64 ╮"
"│No run on local yet: select a script and press Enter. c connects to a host.                                           │"
"╰──────────────────────────────────────────────────────────────────────────────────────────────────────────────────────╯"
" Enter run / filter ? help q quit                                              bpftrace v0.21.2 · 6.1.0-18-amd64 · root "
