---
source: src/ui/mod.rs
assertion_line: 380
expression: "render(&app, 120, 40)"
---
"╭ Scripts (8) ─────────────────────╮▶ vfs_latency_demo.bt  running  00:12                                               "
"│✗ missing_probe_demo  Attaches to │  probes 3  errors 1  dropped 0                                                     "
"│▾ net/  1                         │╭ @syscalls │ @usecs · table ─────────────────────────────────── 2 updates · 00:00 ╮"
"│  ● tcpconnect_demo  Print TCP con││key  value▼                                                                       │"
"│● no_header                       ││node    290 ↓ ████████████████████████████████████████████████████████████████████│"
"│● params_demo  Positional and name││sshd     55 ↑ ████████████▉                                                       │"
"│… shebang_no_ext  Discovered via s││curl      7 + █▋                                                                  │"
"│● syscount_demo  Count syscalls by││bash      3 ↓ ▋                                                                   │"
"│! unsafe_demo  Uses system(); requ││                                                                                  │"
"│▶ vfs_latency_demo  vfs_read laten││                                                                                  │"
"│                                  ││                                                                                  │"
"│                                  ││                                                                                  │"
"│                                  ││                                                                                  │"
"│                                  ││                                                                                  │"
"│                                  ││                                                                                  │"
"│                                  ││                                                                                  │"
"│                                  ││                                                                                  │"
"│                                  ││                                                                                  │"
"│                                  ││                                                                                  │"
"│                                  ││                                                                                  │"
"│                                  ││                                                                                  │"
"│                                  ││                                                                                  │"
"│                                  ││                                                                                  │"
"│                                  ││                                                                                  │"
"│                                  ││                                                                                  │"
"│                                  ││                                                                                  │"
"│                                  ││                                                                                  │"
"│                                  │╰──────────────────────────────────────────────────────────────────────────────────╯"
"│                                  │╭ Log · following ──────────────────────────────────────────────────────── 4 lines ╮"
"│                                  ││$ /usr/bin/bpftrace -f json -B line -- /srv/bpf/vfs_latency_demo.bt               │"
"│                                  ││attached 3 probes                                                                 │"
"│                                  ││Tracing block device I/O... Hit Ctrl-C to end.                                    │"
"│                                  ││WARNING: could not resolve symbol 0xffffffff81000000                              │"
"│                                  ││                                                                                  │"
"│                                  ││                                                                                  │"
"│                                  ││                                                                                  │"
"│                                  ││                                                                                  │"
"│                                  ││                                                                                  │"
"╰──────────────────────────────────╯╰──────────────────────────────────────────────────────────────────────────────────╯"
" x/C-c stop p pause / filter Tab panel Esc back ? help                         bpftrace v0.21.2 · 6.1.0-18-amd64 · root "
