---
source: src/ui/mod.rs
assertion_line: 161
expression: "render(&app, 120, 40)"
---
"╭ Scripts (8) ───────────────────────────╮╭ 1 Info │ 2 Source │ 3 Validation ───────────────────── vfs_latency_demo.bt ╮"
"│✗ missing_probe_demo  Attaches to a kern││vfs_read latency as a log2 histogram (usecs).                               │"
"│● net/tcpconnect_demo  Print TCP connect││                                                                            │"
"│● no_header                             ││Status   ◐ 1/2 probes found (probe listing, heuristic)                      │"
"│● params_demo  Positional and named para││File     /srv/bpf/vfs_latency_demo.bt  (382 bytes)                          │"
"│… shebang_no_ext  Discovered via shebang││Probes   · BEGIN  (always available)                                        │"
"│● syscount_demo  Count syscalls by proce││         ✓ kprobe:vfs_read                                                  │"
"│! unsafe_demo  Uses system(); requires -││         ✗ kretprobe:vfs_read                                               │"
"│◐ vfs_latency_demo  vfs_read latency as ││         · END  (always available)                                          │"
"│                                        ││Params   none                                                               │"
"│                                        ││                                                                            │"
"│                                        ││                                                                            │"
"│                                        ││                                                                            │"
"│                                        ││                                                                            │"
"│                                        ││                                                                            │"
"│                                        ││                                                                            │"
"│                                        ││                                                                            │"
"│                                        ││                                                                            │"
"│                                        ││                                                                            │"
"│                                        ││                                                                            │"
"│                                        ││                                                                            │"
"│                                        ││                                                                            │"
"│                                        ││                                                                            │"
"│                                        ││                                                                            │"
"│                                        ││                                                                            │"
"│                                        ││                                                                            │"
"│                                        ││                                                                            │"
"│                                        ││                                                                            │"
"│                                        ││                                                                            │"
"│                                        ││                                                                            │"
"│                                        ││                                                                            │"
"│                                        ││                                                                            │"
"│                                        ││                                                                            │"
"│                                        ││                                                                            │"
"│                                        ││                                                                            │"
"│                                        ││                                                                            │"
"│                                        ││                                                                            │"
"│                                        ││                                                                            │"
"╰────────────────────────────────────────╯╰────────────────────────────────────────────────────────────────────────────╯"
" / filter e edit r rescan ? help q quit                                        bpftrace v0.21.2 · 6.1.0-18-amd64 · root "
