---
source: src/ui/mod.rs
assertion_line: 426
expression: "render(&app, 120, 40)"
---
"╭ [local] ▶ │ + ──────────────────────────────────────────────────────────────────────────────── root · 6.1.0-18-amd64 ╮"
"│▶ vfs_latency_demo.bt  running  00:12                                                                                 │"
"│  probes 3  errors 1  dropped 0                                                                                       │"
"│╭ @syscalls │ @usecs · table ───────────────────────────────────────────────────────────────────── 2 updates · 00:00 ╮│"
"││key  value▼                                                                                                         ││"
"││node    290 ↓ ██████████████████████████████████████████████████████████████████████████████████████████████████████││"
"││sshd     55 ↑ ███████████████████▎                                                                                  ││"
"││curl      7 + ██▍                                                                                                   ││"
"││bash      3 ↓ █                                                                                                     ││"
"││                                                                                                                    ││"
"││                                                                                                                    ││"
"││                                                                                                                    ││"
"││                                                                                                                    ││"
"││                                                                                                                    ││"
"││                                                                                                                    ││"
"││                                                                                                                    ││"
"││                                                                                                                    ││"
"││                                                                                                                    ││"
"││                                                                                                                    ││"
"││                                                                                                                    ││"
"││                                                                                                                    ││"
"││                                                                                                                    ││"
"││                                                                                                                    ││"
"││                                                                                                                    ││"
"││                                                                                                                    ││"
"││                                                                                                                    ││"
"││                                                                                                                    ││"
"│╰────────────────────────────────────────────────────────────────────────────────────────────────────────────────────╯│"
"│╭ Log · paused ─────────────────────────────────────────────────────────────────────────────────────────── 0/4 lines ╮│"
"││no matching lines                                                                                                   ││"
"││                                                                                                                    ││"
"││                                                                                                                    ││"
"││                                                                                                                    ││"
"││                                                                                                                    ││"
"││                                                                                                                    ││"
"││                                                                                                                    ││"
"││/map█                                                                                                               ││"
"│╰────────────────────────────────────────────────────────────────────────────────────────────────────────────────────╯│"
"╰──────────────────────────────────────────────────────────────────────────────────────────────────────────────────────╯"
" Enter keep Esc clear                                                          bpftrace v0.21.2 · 6.1.0-18-amd64 · root "
