---
source: src/ui/mod.rs
assertion_line: 272
expression: "render(&app, 80, 24)"
---
"╭ Scripts (8) ─────────────╮╭ 1 Info │ 2 Source │ 3 Validation ────────────────╮"
"│✗ missing_probe_demo  Atta││Attaches to a kernel function that does not exist.│"
"│▾ net/  1                 ││                                                  │"
"│  ● tcpconnect_demo  Print││Status   ✗ cannot run here: stdin:1:1-44: ERROR:  │"
"│●╭ Connect to a host ───────────────────────────────────────────────────────╮ │"
"│●│  Host      ops@10.0.3.14                                                 │ │"
"│…│  Port      default                                                       │ │"
"│●│  sudo      (•) automatic   ( ) root login   ( ) sudo with password       │ │"
"│!│  bpftrace  found in root's PATH                                          │ │"
"│◐│                                                                          │ │"
"│ │  ✓ ssh: connected as ops · 140 ms                                        │ │"
"│ │  ✓ host: Rocky Linux 9.4 (Blue Onyx) · x86_64 ·                          │ │"
"│ │5.14.0-427.13.1.el9_4.x86_64                                              │ │"
"│ │  ✓ shell: sh, mktemp, head, setsid                                       │ │"
"│ │  ✓ root: sudo -n works                                                   │ │"
"│ │  … checking                                                              │ │"
"│ │                                                                          │ │"
"│ │  Esc cancel                                                              │ │"
"│ ╰──────────────────────────────────────────────────────────────────────────╯ │"
"╰──────────────────────────╯╰──────────────────────────────────────────────────╯"
"╭ [local] │ + ────────────────────────────────────────── root · 6.1.0-18-amd64 ╮"
"│No run on local yet: select a script and press Enter. c connects to a host.   │"
"╰──────────────────────────────────────────────────────────────────────────────╯"
" Tab/↓ next Enter connect Esc cancel   bpftrace v0.21.2 · 6.1.0-18-amd64 · root "
