---
source: src/ui/mod.rs
assertion_line: 408
expression: "render(&app, 120, 40)"
---
"╭ Scripts (8) ───────────────────────────╮╭ 1 Info │ 2 Source │ 3 Validation ─────────────────── missing_probe_demo.bt ╮"
"│… missing_probe_demo  Attaches to a kern││Attaches to a kernel function that does not exist.                          │"
"│▾ net/  1                               ││                                                                            │"
"│  … tcpconnect_demo  Print TCP connect()││Status   … validating…                                                      │"
"│… no_header                             ││File     /srv/bpf/missing_probe_demo.bt  (232 bytes)                        │"
"│… params_demo  Positional and named para││Probes   · kprobe:this_function_does_not_exist_bpfdeck                      │"
"│… shebang_no_ext  Discovered via shebang││Params   none                                                               │"
"│… syscount_demo  Count syscalls by proce││                                                                            │"
"│… unsafe_demo  Uses system(); requires -││                                                                            │"
"│… vfs_latency_demo  vfs_read latency as ││                                                                            │"
"│                                        ││                                                                            │"
"│                                        ││                                                                            │"
"│                                        ││                                                                            │"
"│    ╭ Connect to hosts ──────────────────────────────────────────────────────────────────────────────────────────╮    │"
"│    │  Host      db-0{1..4}  4 hosts                                                                             │    │"
"│    │  Port      default                                                                                         │    │"
"│    │  sudo      (•) automatic   ( ) root login   ( ) sudo with password                                         │    │"
"│    │  bpftrace  found in root's PATH                                                                            │    │"
"│    │                                                                                                            │    │"
"│    │  ✓ db-01  Rocky Linux 9.4 · 6.1.0-18-amd64 · bpftrace v0.21.2 · root via sudo                              │    │"
"│    │  ✓ db-02  Rocky Linux 9.4 · 6.1.0-18-amd64 · bpftrace v0.21.2 · root via sudo                              │    │"
"│    │  ✗ db-03  root: sudo needs a password here                                                                 │    │"
"│    │  … db-04  ssh: connected as ops · 90 ms                                                                    │    │"
"│    │                                                                                                            │    │"
"│    │  Esc close (connected hosts stay)                                                                          │    │"
"│    ╰────────────────────────────────────────────────────────────────────────────────────────────────────────────╯    │"
"│                                        ││                                                                            │"
"│                                        ││                                                                            │"
"│                                        ││                                                                            │"
"│                                        ││                                                                            │"
"│                                        ││                                                                            │"
"│                                        ││                                                                            │"
"│                                        ││                                                                            │"
"│                                        ││                                                                            │"
"│                                        ││                                                                            │"
"╰────────────────────────────────────────╯╰────────────────────────────────────────────────────────────────────────────╯"
"╭ local │ [db-01] │ db-02 │ + ─────────────────────────────────────── root via sudo · 6.1.0-18-amd64 · Rocky Linux 9.4 ╮"
"│No run on db-01 yet: select a script and press Enter. d disconnects.                                                  │"
"╰──────────────────────────────────────────────────────────────────────────────────────────────────────────────────────╯"
" Tab/↓ next Enter connect Esc cancel                                                    db-01 · bpftrace v0.21.2 · root "
