---
source: src/ui/mod.rs
assertion_line: 324
expression: "{ keys(&mut app, &[KeyCode::Char('1')]); render(&app, 80, 24) }"
---
"╭ Scripts (3/8) ───────────╮╭ 1 Info │ 2 Source │ 3 Validation ────────────────╮"
"│… syscount_demo ✎  Count s││Count syscalls by process name, printed every     │"
"│! unsafe_demo  Uses system││second.                                           │"
"│◐ vfs_latency_demo  vfs_re││                                                  │"
"│                          ││Status   … validating…                            │"
"│                          ││File     /srv/bpf/syscount_demo.bt  (310 bytes)   │"
"│                          ││Edited   ✎ runs use your version, the file is     │"
"│                          ││unchanged (u: original)                           │"
"│                          ││Usage    USAGE: syscount_demo.bt                  │"
"│                          ││Probes   · tracepoint:raw_syscalls:sys_enter      │"
"│                          ││         · interval:s:1  (always available)       │"
"│                          ││Params   none                                     │"
"│                          ││                                                  │"
"│                          ││                                                  │"
"│                          ││                                                  │"
"│                          ││                                                  │"
"│                          ││                                                  │"
"│                          ││                                                  │"
"│/sysc                     ││                                                  │"
"╰──────────────────────────╯╰──────────────────────────────────────────────────╯"
"╭ [local] │ + ────────────────────────────────────────── root · 6.1.0-18-amd64 ╮"
"│No run on local yet: select a script and press Enter. c connects to a host.   │"
"╰──────────────────────────────────────────────────────────────────────────────╯"
" Enter run / filter ? help q quit      bpftrace v0.21.2 · 6.1.0-18-amd64 · root "
