---
source: src/ui/mod.rs
assertion_line: 372
expression: "render(&app, 120, 40)"
---
"╭ Scripts (8) ───────────────────────────╮╭ 1 Info │ 2 Source │ 3 Validation ────────────────────────── unsafe_demo.bt ╮"
"│✗ missing_probe_demo  Attaches to a kern││Uses system(); requires --unsafe. bpfdeck must flag this                    │"
"│▾ net/  1                               ││                                                                            │"
"│  ● tcpconnect_demo  Print TCP connect()││Status   ! needs --unsafe (dry-run)                                         │"
"│● no_header                             ││File     /srv/bpf/unsafe_demo.bt  (207 bytes)                               │"
"│● params_demo  Positional and named para││Probes   · BEGIN  (always available)                                        │"
"│… shebang_no_ext  Discovered via shebang││Params   none                                                               │"
"│● syscount_demo  Count syscalls by proce││Flags    ! calls system(): needs --unsafe                                   │"
"│! unsafe_demo  Uses system(); requires -││                                                                            │"
"│◐ vfs_latency_demo  vfs_read latency as ││                                                                            │"
"│                                        ││                                                                            │"
"│                                        ││                                                                            │"
"│                                        ││                                                                            │"
"│                                        ││                                                                            │"
"│                                        ││                                                                            │"
"│         ╭ Run unsafe_demo.bt ──────────────────────────────────────────────────────────────────────────────╮         │"
"│         │Path      /srv/bpf/unsafe_demo.bt                                                                 │         │"
"│         │Command   /usr/bin/bpftrace -f json -B line -- /srv/bpf/unsafe_demo.bt                            │         │"
"│         │Probes    BEGIN                                                                                   │         │"
"│         │                                                                                                  │         │"
"│         │ Needs --unsafe: calls system(), which act on the system as root.                                 │         │"
"│         │ --unsafe is OFF: bpftrace will refuse to run it. Press u to enable it for this run.              │         │"
"│         │                                                                                                  │         │"
"│         │! Not running as root: bpftrace will fail to load and attach (start bpfdeck with sudo).           │         │"
"│         ╰──────────────────────────────────────────────────────────────────────────────────────────────────╯         │"
"│                                        ││                                                                            │"
"│                                        ││                                                                            │"
"│                                        ││                                                                            │"
"│                                        ││                                                                            │"
"│                                        ││                                                                            │"
"│                                        ││                                                                            │"
"│                                        ││                                                                            │"
"│                                        ││                                                                            │"
"│                                        ││                                                                            │"
"│                                        ││                                                                            │"
"╰────────────────────────────────────────╯╰────────────────────────────────────────────────────────────────────────────╯"
"╭ [local] │ + ─────────────────────────────────────────────────────────────────────────────── NO PRIV · 6.1.0-18-amd64 ╮"
"│No run on local yet: select a script and press Enter. c connects to a host.                                           │"
"╰──────────────────────────────────────────────────────────────────────────────────────────────────────────────────────╯"
" Enter run Esc cancel                                                       bpftrace v0.21.2 · 6.1.0-18-amd64 · NO PRIV "
