---
source: src/ui/mod.rs
assertion_line: 539
expression: "render(&app, 120, 40)"
---
"╭ Scripts (8) ───────────────────────────╮╭ 1 Info │ 2 Source │ 3 Validation ─────────────────── missing_probe_demo.bt ╮"
"│✗ missing_p╭ Keys ──────────────────────────────────────────────────────────────────────────── j/k scroll ╮           │"
"│▾ net/  1  │Browser                                        Editing a script                               │           │"
"│  ● tcpconn│  j/↓       next script                          Esc       done, keep the edits               │           │"
"│● no_header│  k/↑       previous script                      C-z       undo                               │n)         │"
"│● params_de│  g/Home    first script                                                                      │           │"
"│… shebang_n│  G/End     last script                        Run view                                       │           │"
"│● syscount_│  Enter     run script / open dir                x/C-c     stop (SIGINT to bpftrace)          │           │"
"│! unsafe_de│  o         show last run output                 X         stop on every target (fleet run)   │           │"
"│◐ vfs_laten│  t         tree / flat list                     p         pause/follow the log               │           │"
"│           │  <         previous target tab                  /         filter the log                     │           │"
"│           │  >         next target tab                      j/↓       scroll log down                    │           │"
"│           │  c/+       connect to a host                    k/↑       scroll log up (pauses)             │           │"
"│           │  d         disconnect this host                 PgDn/C-d  page down                          │           │"
"│           │  h/←       collapse dir / to parent             PgUp/C-u  page up (pauses)                   │           │"
"│           │  l/→       expand dir                           g/Home    oldest line (pauses)               │           │"
"│           │  Tab       next detail tab                      G/End     newest line, follow                │           │"
"│           │  S-Tab     previous detail tab                  z         maximize results                   │           │"
"│           │  1         Info tab                             <         previous target tab                │           │"
"│           │  2         Source tab                           >         next target tab                    │           │"
"│           │  3         Validation tab                       c/+       connect to a host                  │           │"
"│           │  PgDn/C-d  scroll detail down                   d         disconnect this host               │           │"
"│           │  PgUp/C-u  scroll detail up                     Tab       next panel                         │           │"
"│           │  /         filter by name/description           S-Tab     previous panel                     │           │"
"│           │  Esc       clear filter                         [         previous key (keyed hist)          │           │"
"│           │  i         edit here (Source tab)               ]         next key (keyed hist)              │           │"
"│           │  u         original / your edits                s         table: sort by key/value           │           │"
"│           │  e         open in $EDITOR                      w         write run to files (.txt + .ndjson)│           │"
"│           │  r         rescan + revalidate                  Esc       back to list, run continues        │           │"
"│           │  ?         help                                 ?         help                               │           │"
"│           │  q         quit (asks if running)                                                            │           │"
"│           │                                               Compare (fleet run)                            │           │"
"│           │Filter                                           x/C-c     stop on every target               │           │"
"│           │  Enter     keep filter                          m         histograms: merged / per host      │           │"
"│           │  Esc       clear filter                         s         tables: sort by total / by host    │           │"
"╰───────────│  ↓         next match                           j/↓       next host                          │───────────╯"
"╭ [local] │ │  ↑         previous match                       k/↑       previous host                      │0-18-amd64 ╮"
"│No run on l│                                                 Enter     open the host's tab                │           │"
"╰───────────╰──────────────────────────────────────────────────────────────────────────────────────────────╯───────────╯"
" Esc/?/q close                                                                 bpftrace v0.21.2 · 6.1.0-18-amd64 · root "
