---
source: src/ui/mod.rs
assertion_line: 414
expression: "render(&app, 80, 24)"
---
"╭ Scripts (8) ─────────────╮╭ 1 Info │ 2 Source │ 3 Validation ────────────────╮"
"│▾ net/  1                 ││vfs_read latency as a log2 histogram (usecs).     │"
"│  ● tcpconnect_demo  Print││                                                  │"
"│● no_header               ││Status   ◐ 1/2 probes found (probe listing,       │"
"│● params_demo  Positional ││heuristic)                                        │"
"│… shebang_no_ext  Discover││File     /srv/bpf/vfs_latency_demo.bt  (382 bytes)│"
"│● syscount_demo  Count sys││Probes   · BEGIN  (always available)              │"
"│! unsafe_demo  Uses system││         ✓ kprobe:vfs_read                        │"
"│◐ vfs_latency_demo  vfs_re││         ✗ kretprobe:vfs_read                     │"
"╰──────────────────────────╯╰──────────────────────────────────────────────────╯"
"╭ [local] ✓ │ + ──────────────────────────────────────── root · 6.1.0-18-amd64 ╮"
"│✓ vfs_latency_demo.bt  exited(0)  00:13                                       │"
"│  probes 3  errors 1  dropped 0                                               │"
"│╭ @syscalls │ @usecs · hist ────────────────────────────── 2 updates · 00:00 ╮│"
"││[16, 32) 421 ██████████████████████████████████████████████████████████████ ││"
"││total 421                                                                   ││"
"││                                                                            ││"
"││                                                                            ││"
"│╰────────────────────────────────────────────────────────────────────────────╯│"
"│╭ Log · following ────────────────────────────────────────────────── 6 lines ╮│"
"││exited(0)                                                                   ││"
"│╰────────────────────────────────────────────────────────────────────────────╯│"
"╰──────────────────────────────────────────────────────────────────────────────╯"
" x/C-c stop p pause / filter Esc back  bpftrace v0.21.2 · 6.1.0-18-amd64 · root "
