---
source: src/ui/mod.rs
assertion_line: 406
expression: "render(&app, 80, 24)"
---
"╭ Scripts (8) ─────────╮✓ vfs_latency_demo.bt  exited(0)  00:13                 "
"│✗ missing_probe_demo  │  probes 3  errors 1  dropped 0                         "
"│● net/tcpconnect_demo │╭ @syscalls │ @usecs · hist ──────── 2 updates · 00:00 ╮"
"│● no_header           ││[16, 32) 421 ████████████████████████████████████████ │"
"│● params_demo  Positio││total 421                                             │"
"│… shebang_no_ext  Disc││                                                      │"
"│● syscount_demo  Count││                                                      │"
"│! unsafe_demo  Uses sy││                                                      │"
"│◐ vfs_latency_demo  vf││                                                      │"
"│                      ││                                                      │"
"│                      ││                                                      │"
"│                      ││                                                      │"
"│                      ││                                                      │"
"│                      ││                                                      │"
"│                      ││                                                      │"
"│                      ││                                                      │"
"│                      │╰──────────────────────────────────────────────────────╯"
"│                      │╭ Log · following ──────────────────────────── 6 lines ╮"
"│                      ││Tracing block device I/O... Hit Ctrl-C to end.        │"
"│                      ││WARNING: could not resolve symbol 0xffffffff81000000  │"
"│                      ││stopping: SIGINT sent, waiting for END and the final m│"
"│                      ││exited(0)                                             │"
"╰──────────────────────╯╰──────────────────────────────────────────────────────╯"
" x/C-c stop p pause / filter Esc back  bpftrace v0.21.2 · 6.1.0-18-amd64 · root "
