---
source: src/ui/mod.rs
assertion_line: 271
expression: "render(&app, 120, 40)"
---
"╭ Scripts (8) ───────────────────────────╮╭ 1 Info │ 2 Source │ 3 Validation ─────────────────── missing_probe_demo.bt ╮"
"│✗ missing_p╭ Keys ──────────────────────────────────────────────────────────────────────────── j/k scroll ╮           │"
"│▾ net/  1  │Browser                                        Question                                       │           │"
"│  ● tcpconn│  j/↓       next script                          y         yes                                │           │"
"│● no_header│  k/↑       previous script                      n/Esc     no                                 │n)         │"
"│● params_de│  g/Home    first script                                                                      │           │"
"│… shebang_n│  G/End     last script                        Run view                                       │           │"
"│● syscount_│  Enter     run script / open dir                x/C-c     stop (SIGINT to bpftrace)          │           │"
"│! unsafe_de│  o         show last run output                 p         pause/follow the log               │           │"
"│◐ vfs_laten│  t         tree / flat list                     /         filter the log                     │           │"
"│           │  h/←       collapse dir / go to parent          j/↓       scroll log down                    │           │"
"│           │  l/→       expand dir                           k/↑       scroll log up (pauses)             │           │"
"│           │  Tab       next detail tab                      PgDn/C-d  page down                          │           │"
"│           │  S-Tab     previous detail tab                  PgUp/C-u  page up (pauses)                   │           │"
"│           │  1         Info tab                             g/Home    oldest line (pauses)               │           │"
"│           │  2         Source tab                           G/End     newest line, follow                │           │"
"│           │  3         Validation tab                       z         toggle full width                  │           │"
"│           │  PgDn/C-d  scroll detail down                   Tab       next panel                         │           │"
"│           │  PgUp/C-u  scroll detail up                     S-Tab     previous panel                     │           │"
"│           │  /         filter by name/description           [         previous key (keyed hist)          │           │"
"│           │  Esc       clear filter                         ]         next key (keyed hist)              │           │"
"│           │  e         open in $EDITOR                      s         table: sort by key/value           │           │"
"│           │  r         rescan + revalidate                  w         write run to files (.txt + .ndjson)│           │"
"│           │  ?         help                                 Esc       back to list, run continues        │           │"
"│           │  q         quit (asks if running)               ?         help                               │           │"
"│           │                                                                                              │           │"
"│           │Filter                                         Log filter                                     │           │"
"│           │  Enter     keep filter                          Enter     keep filter                        │           │"
"│           │  Esc       clear filter                         Esc       clear filter                       │           │"
"│           │  ↓         next match                                                                        │           │"
"│           │  ↑         previous match                     Help                                           │           │"
"│           │                                                 Esc/?/q   close help                         │           │"
"│           │Parameters                                       j/↓       scroll                             │           │"
"│           │  Tab/↓     next field                           k/↑       scroll back                        │           │"
"│           │  S-Tab/↑   previous field                                                                    │           │"
"│           │  Enter     continue to confirmation                                                          │           │"
"│           │  Esc       cancel                                                                            │           │"
"│           │                                                                                              │           │"
"╰───────────╰──────────────────────────────────────────────────────────────────────────────────────────────╯───────────╯"
" Esc/?/q close                                                                 bpftrace v0.21.2 · 6.1.0-18-amd64 · root "
