---
source: src/ui/mod.rs
assertion_line: 486
expression: "render(&app, 120, 40)"
---
"╭ Scripts (3/8) ─────────────────────────╮╭ 1 Info │ 2 Source │ 3 Validation ──────────────────────── syscount_demo.bt ╮"
"│▶ syscount_demo  Count syscalls by proce││Count syscalls by process name, printed every second.                       │"
"│● unsafe_demo  Uses system(); requires -││                                                                            │"
"│● vfs_latency_demo 3/4  vfs_read latency││Status   ● runs on db-03 (dry-run)                                          │"
"│                                        ││File     /srv/bpf/syscount_demo.bt  (310 bytes)                             │"
"│                                        ││Usage    USAGE: syscount_demo.bt                                            │"
"│                                        ││Probes   ✓ tracepoint:raw_syscalls:sys_enter                                │"
"│                                        ││         · interval:s:1  (always available)                                 │"
"│                                        ││Params   none                                                               │"
"│                                        ││                                                                            │"
"│                                        ││                                                                            │"
"│                                        ││                                                                            │"
"│                                        ││                                                                            │"
"│                                        ││                                                                            │"
"│/sysc                                   ││                                                                            │"
"╰────────────────────────────────────────╯╰────────────────────────────────────────────────────────────────────────────╯"
"╭ [⧉ syscount_demo] ▶ │ local │ db-01 ▶ │ db-02 ▶ │ db-03 ▶ │ + ─────────────────────────────── fleet run on 3 targets ╮"
"│  host   state                   elapsed   errors  dropped                                                            │"
"│› db-01  running                   00:05        0        0                                                            │"
"│  db-02  running                   00:05        0        0                                                            │"
"│  db-03  running                   00:05        0        0                                                            │"
"│                                                                                                                      │"
"│@syscalls · table  top 3 by total (s: by host)                                                                        │"
"│  key       total  db-01    db-02    db-03                                                                            │"
"│  postgres  10512   1207     8205 ◀   1100                                                                            │"
"│  node        870    290      290      290                                                                            │"
"│  sshd        303    100      101      102                                                                            │"
"│                                                                                                                      │"
"│@usecs · hist  p50 / p90 / p99 · max (m: merged)                                                                      │"
"│  db-01  count 95       p50 [32, 64)      p90 [32, 64)      p99 [1K, 2K)      max [1K, 2K)                            │"
"│  db-02  count 94       p50 [32, 64)      p90 [32, 64)      p99 [1K, 2K)      max [1K, 2K)                            │"
"│  db-03  count 990      p50 [1K, 2K)      p90 [1K, 2K)      p99 [1K, 2K)      max [1K, 2K) ◀                          │"
"│                                                                                                                      │"
"│@total · value                                                                                                        │"
"│  db-01  9000                                                                                                         │"
"│  db-02  9010                                                                                                         │"
"│  db-03  9020                                                                                                         │"
"│                                                                                                                      │"
"╰──────────────────────────────────────────────────────────────────────────────────────────────────────────────────────╯"
" x/C-c stop all m merge s sort Enter host Esc back ? help                               db-03 · bpftrace v0.21.2 · root "
