---
source: src/ui/mod.rs
assertion_line: 230
expression: "render(&app, 80, 24)"
---
"╭ Scripts ─────────────────╮╭ 1 Info │ 2 Source │ 3 Validation ────────────────╮"
"│Updating                  ││                                                  │"
"│https://github.com/bpftrac││                                                  │"
"│e/bpftrace…               ││                                                  │"
"│                          ││                                                  │"
"│                          ││                                                  │"
"│                          ││                                                  │"
"│                          ││                                                  │"
"│                          ││                                                  │"
"│                          ││                                                  │"
"│                          ││                                                  │"
"│                          ││                                                  │"
"│                          ││                                                  │"
"│                          ││                                                  │"
"│                          ││                                                  │"
"│                          ││                                                  │"
"│                          ││                                                  │"
"│                          ││                                                  │"
"│                          ││                                                  │"
"│                          ││                                                  │"
"│                          ││                                                  │"
"│                          ││                                                  │"
"╰──────────────────────────╯╰──────────────────────────────────────────────────╯"
" / filter e edit r rescan ? help q quit                     detecting bpftrace… "
