---
source: src/ui/mod.rs
assertion_line: 281
expression: "render(&app, 120, 40)"
---
"╭ Scripts (8) ───────────────────────────╮╭ 1 Info │ 2 Source │ 3 Validation ─────────────────── missing_probe_demo.bt ╮"
"│✗ missing_p╭ Keys ──────────────────────────────────────────────────────────────────────────── j/k scroll ╮           │"
"│▾ net/  1  │Browser                                        Question                                       │           │"
"│  ● tcpconn│  j/↓       next script                          y         yes                                │           │"
"│● no_header│  k/↑       previous script                      n/Esc     no                                 │n)         │"
"│● params_de│  g/Home    first script                                                                      │           │"
"│… shebang_n│  G/End     last script                        Connect to a host                              │           │"
"│● syscount_│  Enter     run script / open dir                Tab/↓     next field                         │           │"
"│! unsafe_de│  o         show last run output                 S-Tab/↑   previous field                     │           │"
"│◐ vfs_laten│  t         tree / flat list                     ←         sudo: previous choice              │           │"
"│           │  <         previous target tab                  →         sudo: next choice                  │           │"
"│           │  >         next target tab                      Enter     connect / auth in terminal         │           │"
"│           │  c/+       connect to a host                    Esc       cancel                             │           │"
"│           │  d         disconnect this host                                                              │           │"
"│           │  h/←       collapse dir / to parent           Run view                                       │           │"
"│           │  l/→       expand dir                           x/C-c     stop (SIGINT to bpftrace)          │           │"
"│           │  Tab       next detail tab                      p         pause/follow the log               │           │"
"│           │  S-Tab     previous detail tab                  /         filter the log                     │           │"
"│           │  1         Info tab                             j/↓       scroll log down                    │           │"
"│           │  2         Source tab                           k/↑       scroll log up (pauses)             │           │"
"│           │  3         Validation tab                       PgDn/C-d  page down                          │           │"
"│           │  PgDn/C-d  scroll detail down                   PgUp/C-u  page up (pauses)                   │           │"
"│           │  PgUp/C-u  scroll detail up                     g/Home    oldest line (pauses)               │           │"
"│           │  /         filter by name/description           G/End     newest line, follow                │           │"
"│           │  Esc       clear filter                         z         maximize results                   │           │"
"│           │  e         open in $EDITOR                      <         previous target tab                │           │"
"│           │  r         rescan + revalidate                  >         next target tab                    │           │"
"│           │  ?         help                                 c/+       connect to a host                  │           │"
"│           │  q         quit (asks if running)               d         disconnect this host               │           │"
"│           │                                                 Tab       next panel                         │           │"
"│           │Filter                                           S-Tab     previous panel                     │           │"
"│           │  Enter     keep filter                          [         previous key (keyed hist)          │           │"
"│           │  Esc       clear filter                         ]         next key (keyed hist)              │           │"
"│           │  ↓         next match                           s         table: sort by key/value           │           │"
"│           │  ↑         previous match                       w         write run to files (.txt + .ndjson)│           │"
"╰───────────│                                                 Esc       back to list, run continues        │───────────╯"
"╭ [local] │ │Parameters                                       ?         help                               │0-18-amd64 ╮"
"│No run on l│  Tab/↓     next field                                                                        │           │"
"╰───────────╰──────────────────────────────────────────────────────────────────────────────────────────────╯───────────╯"
" Esc/?/q close                                                                 bpftrace v0.21.2 · 6.1.0-18-amd64 · root "
