---
source: src/ui/mod.rs
assertion_line: 340
expression: "render(&app, 80, 24)"
---
"╭ Scripts (8) ─────────────╮╭ 1 Info │ 2 Source │ 3 Validation ────────────────╮"
"╭ Keys ──────────────────────────────────────────────────────────── j/k scroll ╮"
"│Browser                                Connect to a host                      │"
"│  j/↓       next script                  Tab/↓     next field                 │"
"│  k/↑       previous script              S-Tab/↑   previous field             │"
"│  g/Home    first script                 ←         sudo: previous choice      │"
"│  G/End     last script                  →         sudo: next choice          │"
"│  Enter     run script / open dir        Enter     connect / auth in terminal │"
"│  o         show last run output         Esc       cancel                     │"
"│  t         tree / flat list                                                  │"
"│  <         previous target tab        Editing a script                       │"
"│  >         next target tab              Esc       done, keep the edits       │"
"│  c/+       connect to a host            C-z       undo                       │"
"│  d         disconnect this host                                              │"
"│  h/←       collapse dir / to parent   Run view                               │"
"│  l/→       expand dir                   x/C-c     stop (SIGINT to bpftrace)  │"
"│  Tab       next detail tab              p         pause/follow the log       │"
"│  S-Tab     previous detail tab          /         filter the log             │"
"│  1         Info tab                     j/↓       scroll log down            │"
"│  2         Source tab                   k/↑       scroll log up (pauses)     │"
"│  3         Validation tab               PgDn/C-d  page down                  │"
"│  PgDn/C-d  scroll detail down           PgUp/C-u  page up (pauses)           │"
"╰──────────────────────────────────────────────────────────────────────────────╯"
" Esc/?/q close                         bpftrace v0.21.2 · 6.1.0-18-amd64 · root "
