---
source: src/ui/mod.rs
assertion_line: 219
expression: "render(&app, 120, 40)"
---
"╭ Scripts (4/8) ─────────────────────────╮╭ 1 Info │ 2 Source │ 3 Validation ────────────────────────── params_demo.bt ╮"
"│● params_demo  Positional and named para││Positional and named parameters fixture.                                    │"
"│● syscount_demo  Count syscalls by proce││                                                                            │"
"│✗ missing_probe_demo  Attaches to a kern││Status   ● runs here (dry-run)                                              │"
"│● net/tcpconnect_demo  Print TCP connect││File     /srv/bpf/params_demo.bt  (486 bytes)                               │"
"│                                        ││Usage    USAGE: params_demo.bt <pid> -- --interval=5 --verbose              │"
"│                                        ││           $1          target pid (positional, required)                    │"
"│                                        ││           --interval  print interval in seconds (named, default 1)         │"
"│                                        ││           --verbose   boolean flag                                         │"
"│                                        ││Probes   ✓ tracepoint:syscalls:sys_enter_openat                             │"
"│                                        ││         · interval:s:1  (always available)                                 │"
"│                                        ││Params   $1  positional                                                     │"
"│                                        ││         --verbose  flag                                                    │"
"│                                        ││                                                                            │"
"│                                        ││                                                                            │"
"│                                        ││                                                                            │"
"│                                        ││                                                                            │"
"│                                        ││                                                                            │"
"│                                        ││                                                                            │"
"│                                        ││                                                                            │"
"│                                        ││                                                                            │"
"│                                        ││                                                                            │"
"│                                        ││                                                                            │"
"│                                        ││                                                                            │"
"│                                        ││                                                                            │"
"│                                        ││                                                                            │"
"│                                        ││                                                                            │"
"│                                        ││                                                                            │"
"│                                        ││                                                                            │"
"│                                        ││                                                                            │"
"│                                        ││                                                                            │"
"│                                        ││                                                                            │"
"│                                        ││                                                                            │"
"│                                        ││                                                                            │"
"│/par                                    ││                                                                            │"
"╰────────────────────────────────────────╯╰────────────────────────────────────────────────────────────────────────────╯"
"╭ [local] │ + ────────────────────────────────────────────────────────────────────────────────── root · 6.1.0-18-amd64 ╮"
"│No run on local yet: select a script and press Enter. c connects to a host.                                           │"
"╰──────────────────────────────────────────────────────────────────────────────────────────────────────────────────────╯"
" Enter run / filter ? help q quit                                              bpftrace v0.21.2 · 6.1.0-18-amd64 · root "
