---
source: src/ui/mod.rs
assertion_line: 223
expression: "render(&ready_app(host(Privilege::None, Lockdown::Integrity)), 80, 24)"
---
"   Kernel lockdown (integrity): bpftrace cannot load BPF programs on this host  "
"╭ Scripts (8) ─────────────╮╭ 1 Info │ 2 Source │ 3 Validation ────────────────╮"
"│✗ missing_probe_demo  Atta││Attaches to a kernel function that does not exist.│"
"│● net/tcpconnect_demo  Pri││                                                  │"
"│● no_header               ││Status   ✗ cannot run here: stdin:1:1-44: ERROR:  │"
"│● params_demo  Positional ││kprobe:this_function_does_not_exist_bpfdeck: No   │"
"│… shebang_no_ext  Discover││such file (dry-run)                               │"
"│● syscount_demo  Count sys││File     /srv/bpf/missing_probe_demo.bt  (232     │"
"│! unsafe_demo  Uses system││bytes)                                            │"
"│◐ vfs_latency_demo  vfs_re││Probes   ✗                                        │"
"│                          ││kprobe:this_function_does_not_exist_bpfdeck       │"
"│                          ││Params   none                                     │"
"│                          ││                                                  │"
"│                          ││                                                  │"
"│                          ││                                                  │"
"│                          ││                                                  │"
"│                          ││                                                  │"
"│                          ││                                                  │"
"│                          ││                                                  │"
"│                          ││                                                  │"
"│                          ││                                                  │"
"│                          ││                                                  │"
"╰──────────────────────────╯╰──────────────────────────────────────────────────╯"
" / filter e edit r rescan ? help    bpftrace v0.21.2 · 6.1.0-18-amd64 · NO PRIV "
