---
source: src/ui/mod.rs
assertion_line: 496
expression: "render(&app, 80, 24)"
---
"╭ [⧉ syscount_demo] ▶ │ local │ db-01 ▶ │ db-02 ▶ │ db-03 ▶ │ + ───────────────╮"
"│  host   state                   elapsed   errors  dropped                    │"
"│› db-01  running                   00:05        0        0                    │"
"│  db-02  running                   00:05        0        0                    │"
"│  db-03  running                   00:05        0        0                    │"
"│                                                                              │"
"│@syscalls · table  top 3 by db-01 (s: next)                                   │"
"│  key       total  db-01    db-02    db-03                                    │"
"│  postgres  10512   1207     8205 ◀   1100                                    │"
"│  node        870    290      290      290                                    │"
"│  sshd        303    100      101      102                                    │"
"│                                                                              │"
"│@usecs · hist  merged over hosts (m: per host)                                │"
"│  [16, 32) 120 █████▎                                                         │"
"│  [32, 64) 150 ██████▌                                                        │"
"│  [1K, 2K) 909 ████████████████████████████████████████                       │"
"│                                                                              │"
"│@total · value                                                                │"
"│  db-01  9000                                                                 │"
"│  db-02  9010                                                                 │"
"│  db-03  9020                                                                 │"
"│                                                                              │"
"╰──────────────────────────────────────────────────────────────────────────────╯"
" x/C-c stop all m merge s sort Enter host       db-03 · bpftrace v0.21.2 · root "
