---
source: src/ui/mod.rs
assertion_line: 380
expression: "render(&app, 80, 24)"
---
"╭ Scripts (8) ─────────────╮╭ 1 Info │ 2 Source │ 3 Validation ────────────────╮"
"│✗ missing_probe_demo  Atta││vfs_read latency as a log2 histogram (usecs).     │"
"│▾ net/  1                 ││                                                  │"
"│  ● tcpconnect_demo  Print││Status   ◐ 1/2 probes found (probe listing,       │"
"│● no_header               ││heuristic)                                        │"
"│● params_demo  Positional ││File     /srv/bpf/vfs_latency_demo.bt  (382 bytes)│"
"│… shebang_no_ext  Discover││Probes   · BEGIN  (always available)              │"
"│● syscount_demo  Count sys││         ✓ kprobe:vfs_read                        │"
"│!╭ Run vfs_latency_demo.bt ─────────────────────────────────────────────────╮ │"
"│◐│Path      /srv/bpf/vfs_latency_demo.bt                                    │ │"
"│ │Command   /usr/bin/bpftrace -f json -B line --                            │ │"
"│ │/srv/bpf/vfs_latency_demo.bt                                              │ │"
"│ │Probes    BEGIN, kprobe:vfs_read, kretprobe:vfs_read, END                 │ │"
"│ │                                                                          │ │"
"│ │◐ Validation: only 1/2 probes found on this kernel.                       │ │"
"│ ╰──────────────────────────────────────────────────────────────────────────╯ │"
"│                          ││                                                  │"
"│                          ││                                                  │"
"│                          ││                                                  │"
"╰──────────────────────────╯╰──────────────────────────────────────────────────╯"
"╭ [local] │ + ────────────────────────────────────────── root · 6.1.0-18-amd64 ╮"
"│No run on local yet: select a script and press Enter. c connects to a host.   │"
"╰──────────────────────────────────────────────────────────────────────────────╯"
" Enter run Esc cancel                  bpftrace v0.21.2 · 6.1.0-18-amd64 · root "
