---
source: src/ui/mod.rs
assertion_line: 226
expression: "render(&app, 120, 40)"
---
"╭ Scripts (8) ───────────────────────────╮╭ 1 Info │ 2 Source │ 3 Validation ───────────────────── vfs_latency_demo.bt ╮"
"│✗ missing_probe_demo  Attaches to a kern││ 1 #!/usr/bin/env bpftrace                                                  │"
"│▾ net/  1                               ││ 2 // vfs_latency_demo.bt    vfs_read latency as a log2 histogram (usecs).  │"
"│  ● tcpconnect_demo  Print TCP connect()││ 3 //            Fixture for histogram rendering.                           │"
"│● no_header                             ││ 4                                                                          │"
"│● params_demo  Positional and named para││ 5 BEGIN                                                                    │"
"│… shebang_no_ext  Discovered via shebang││ 6 {                                                                        │"
"│● syscount_demo  Count syscalls by proce││ 7   printf("Tracing vfs_read latency... Hit Ctrl-C to end.\n");            │"
"│! unsafe_demo  Uses system(); requires -││ 8 }                                                                        │"
"│◐ vfs_latency_demo  vfs_read latency as ││ 9                                                                          │"
"│                                        ││10 kprobe:vfs_read                                                          │"
"│                                        ││11 {                                                                        │"
"│                                        ││12   @start[tid] = nsecs;                                                   │"
"│                                        ││13 }                                                                        │"
"│                                        ││14                                                                          │"
"│                                        ││15 kretprobe:vfs_read                                                       │"
"│                                        ││16 /@start[tid]/                                                            │"
"│                                        ││17 {                                                                        │"
"│                                        ││18   @usecs = hist((nsecs - @start[tid]) / 1000);                           │"
"│                                        ││19   delete(@start, tid);                                                   │"
"│                                        ││20 }                                                                        │"
"│                                        ││21                                                                          │"
"│                                        ││22 END                                                                      │"
"│                                        ││23 {                                                                        │"
"│                                        ││24   clear(@start);                                                         │"
"│                                        ││25 }                                                                        │"
"│                                        ││                                                                            │"
"│                                        ││                                                                            │"
"│                                        ││                                                                            │"
"│                                        ││                                                                            │"
"│                                        ││                                                                            │"
"│                                        ││                                                                            │"
"│                                        ││                                                                            │"
"│                                        ││                                                                            │"
"│                                        ││                                                                            │"
"╰────────────────────────────────────────╯╰────────────────────────────────────────────────────────────────────────────╯"
"╭ [local] │ + ────────────────────────────────────────────────────────────────────────────────── root · 6.1.0-18-amd64 ╮"
"│No run on local yet: select a script and press Enter. c connects to a host.                                           │"
"╰──────────────────────────────────────────────────────────────────────────────────────────────────────────────────────╯"
" Enter run / filter ? help q quit                                              bpftrace v0.21.2 · 6.1.0-18-amd64 · root "
