---
source: src/ui/mod.rs
assertion_line: 380
expression: "render(&app, 80, 24)"
---
"╭ Scripts (8) ─────────╮✓ vfs_latency_demo.bt  exited(0)  00:13                 "
"│✗ missing_probe_demo  │  probes 3  errors 1  dropped 0                         "
"│● net/tcpconnect_demo │╭ Log · following ─────────────────────────── 10 lines ╮"
"│● no_header           ││$ /usr/bin/bpftrace -f json -B line -- /srv/bpf/vfs_la│"
"│● params_demo  Positio││attached 3 probes                                     │"
"│… shebang_no_ext  Disc││Tracing block device I/O... Hit Ctrl-C to end.        │"
"│● syscount_demo  Count││map @syscalls: bash=12, sshd=40, node=311             │"
"│! unsafe_demo  Uses sy││map @syscalls: bash=3, sshd=55, node=290, curl=7      │"
"│◐ vfs_latency_demo  vf││hist @usecs: [0, 1):2 [2, 4):5 [4, 8):19 [8, 16):64 [1│"
"│                      ││WARNING: could not resolve symbol 0xffffffff81000000  │"
"│                      ││stopping: SIGINT sent, waiting for END and the final m│"
"│                      ││hist @usecs: [16, 32):421                             │"
"│                      ││exited(0)                                             │"
"│                      ││                                                      │"
"│                      ││                                                      │"
"│                      ││                                                      │"
"│                      ││                                                      │"
"│                      ││                                                      │"
"│                      ││                                                      │"
"│                      ││                                                      │"
"│                      ││                                                      │"
"│                      ││                                                      │"
"╰──────────────────────╯╰──────────────────────────────────────────────────────╯"
" x/C-c stop p pause / filter Esc back  bpftrace v0.21.2 · 6.1.0-18-amd64 · root "
