---
source: src/ui/mod.rs
assertion_line: 386
expression: "render(&app, 120, 40)"
---
"╭ Scripts (8) ───────────────────────────╮╭ 1 Info │ 2 Source │ 3 Validation ───────────────────── vfs_latency_demo.bt ╮"
"│✗ missing_probe_demo  Attaches to a kern││vfs_read latency as a log2 histogram (usecs).                               │"
"│▾ net/  1                               ││                                                                            │"
"│  ● tcpconnect_demo  Print TCP connect()││Status   ◐ 1/2 probes found (probe listing, heuristic)                      │"
"│● no_header                             ││File     /srv/bpf/vfs_latency_demo.bt  (382 bytes)                          │"
"│● params_demo  Positional and named para││Probes   · BEGIN  (always available)                                        │"
"│… shebang_no_ext  Discovered via shebang││         ✓ kprobe:vfs_read                                                  │"
"│● syscount_demo  Count syscalls by proce││         ✗ kretprobe:vfs_read                                               │"
"│! unsafe_demo  Uses system(); requires -││         · END  (always available)                                          │"
"│▶ vfs_latency_demo  vfs_read latency as ││Params   none                                                               │"
"│                                        ││                                                                            │"
"│                                        ││                                                                            │"
"│                                        ││                                                                            │"
"│                                        ││                                                                            │"
"│                                        ││                                                                            │"
"╰────────────────────────────────────────╯╰────────────────────────────────────────────────────────────────────────────╯"
"╭ [local] ▶ │ + ──────────────────────────────────────────────────────────────────────────────── root · 6.1.0-18-amd64 ╮"
"│▶ vfs_latency_demo.bt  running  00:12                                                                                 │"
"│  probes 3  errors 1  dropped 0                                                                                       │"
"│╭ @syscalls │ @usecs · table ───────────────────────────────────────────────────────────────────── 2 updates · 00:00 ╮│"
"││key  value▼                                                                                                         ││"
"││node    290 ↓ ██████████████████████████████████████████████████████████████████████████████████████████████████████││"
"││sshd     55 ↑ ███████████████████▎                                                                                  ││"
"││curl      7 + ██▍                                                                                                   ││"
"││bash      3 ↓ █                                                                                                     ││"
"││                                                                                                                    ││"
"││                                                                                                                    ││"
"││                                                                                                                    ││"
"││                                                                                                                    ││"
"││                                                                                                                    ││"
"││                                                                                                                    ││"
"│╰────────────────────────────────────────────────────────────────────────────────────────────────────────────────────╯│"
"│╭ Log · following ────────────────────────────────────────────────────────────────────────────────────────── 4 lines ╮│"
"││$ /usr/bin/bpftrace -f json -B line -- /srv/bpf/vfs_latency_demo.bt                                                 ││"
"││attached 3 probes                                                                                                   ││"
"││Tracing block device I/O... Hit Ctrl-C to end.                                                                      ││"
"││WARNING: could not resolve symbol 0xffffffff81000000                                                                ││"
"│╰────────────────────────────────────────────────────────────────────────────────────────────────────────────────────╯│"
"╰──────────────────────────────────────────────────────────────────────────────────────────────────────────────────────╯"
" x/C-c stop p pause / filter Tab panel Esc back ? help                         bpftrace v0.21.2 · 6.1.0-18-amd64 · root "
