---
source: src/ui/mod.rs
assertion_line: 264
expression: "render(&app, 80, 24)"
---
"╭ Scripts (8) ─────────────╮╭ 1 Info │ 2 Source │ 3 Validation ────────────────╮"
"╭ Keys ──────────────────────────────────────────────────────────── j/k scroll ╮"
"│Browser                                Question                               │"
"│  j/↓       next script                  y         yes                        │"
"│  k/↑       previous script              n/Esc     no                         │"
"│  g/Home    first script                                                      │"
"│  G/End     last script                Run view                               │"
"│  Enter     run script / open dir        x/C-c     stop (SIGINT to bpftrace)  │"
"│  o         show last run output         p         pause/follow the log       │"
"│  t         tree / flat list             /         filter the log             │"
"│  h/←       collapse dir / go to parent  j/↓       scroll log down            │"
"│  l/→       expand dir                   k/↑       scroll log up (pauses)     │"
"│  Tab       next detail tab              PgDn/C-d  page down                  │"
"│  S-Tab     previous detail tab          PgUp/C-u  page up (pauses)           │"
"│  1         Info tab                     g/Home    oldest line (pauses)       │"
"│  2         Source tab                   G/End     newest line, follow        │"
"│  3         Validation tab               z         toggle full width          │"
"│  PgDn/C-d  scroll detail down           Tab       next panel                 │"
"│  PgUp/C-u  scroll detail up             S-Tab     previous panel             │"
"│  /         filter by name/description   [         previous key (keyed hist)  │"
"│  Esc       clear filter                 ]         next key (keyed hist)      │"
"│  e         open in $EDITOR              s         table: sort by key/value   │"
"╰──────────────────────────────────────────────────────────────────────────────╯"
" Esc/?/q close                         bpftrace v0.21.2 · 6.1.0-18-amd64 · root "
