---
source: src/ui/mod.rs
assertion_line: 296
expression: "render(&app, 80, 24)"
---
"╭ Scripts (3/8) ───────────╮╭ 1 Info │ 2 Source │ 3 Validation ────────────────╮"
"│… syscount_demo  Count sys││Count syscalls by process name, printed every     │"
"│… unsafe_demo  Uses system││second.                                           │"
"│… vfs_latency_demo  vfs_re││                                                  │"
"│                          ││Status   … validating…                            │"
"│                          ││File     /srv/bpf/syscount_demo.bt  (310 bytes)   │"
"│                          ││Usage    USAGE: syscount_demo.bt                  │"
"│                          ││Probes   · tracepoint:raw_syscalls:sys_enter      │"
"│ ╭ Run syscount_demo.bt on ops@10.0.3.14 ───────────────────────────────────╮ │"
"│ │Target    ops@10.0.3.14 as root via sudo                                  │ │"
"│ │          the script is copied there for this run and removed afterwards  │ │"
"│ │Path      /srv/bpf/syscount_demo.bt                                       │ │"
"│ │Command   /usr/bin/bpftrace -f json -B line -- script.bt                  │ │"
"│ │Probes    tracepoint:raw_syscalls:sys_enter, interval:s:1                 │ │"
"│ ╰──────────────────────────────────────────────────────────────────────────╯ │"
"│                          ││                                                  │"
"│                          ││                                                  │"
"│                          ││                                                  │"
"│/sysc                     ││                                                  │"
"╰──────────────────────────╯╰──────────────────────────────────────────────────╯"
"╭ local │ [ops@10.0.3.14] │ + ─── root via sudo · 5.14.0-427.13.1.el9_4.x86_64 ╮"
"│No run on ops@10.0.3.14 yet: select a script and press Enter. c connects to a │"
"╰──────────────────────────────────────────────────────────────────────────────╯"
" Enter run Esc cancel                   ops@10.0.3.14 · bpftrace v0.21.2 · root "
